Archive member included to satisfy reference by file (symbol)

c:/st/stm32cubeide_1.2.0/stm32cubeide/plugins/com.st.stm32cube.ide.mcu.externaltools.gnu-tools-for-stm32.7-2018-q2-update.win32_1.0.0.201904181610/tools/bin/../lib/gcc/arm-none-eabi/7.3.1/../../../../arm-none-eabi/lib/thumb/v7e-m/fpv4-sp/hard\libc_nano.a(lib_a-errno.o)
                              Core/Src/syscalls.o (__errno)
c:/st/stm32cubeide_1.2.0/stm32cubeide/plugins/com.st.stm32cube.ide.mcu.externaltools.gnu-tools-for-stm32.7-2018-q2-update.win32_1.0.0.201904181610/tools/bin/../lib/gcc/arm-none-eabi/7.3.1/../../../../arm-none-eabi/lib/thumb/v7e-m/fpv4-sp/hard\libc_nano.a(lib_a-exit.o)
                              c:/st/stm32cubeide_1.2.0/stm32cubeide/plugins/com.st.stm32cube.ide.mcu.externaltools.gnu-tools-for-stm32.7-2018-q2-update.win32_1.0.0.201904181610/tools/bin/../lib/gcc/arm-none-eabi/7.3.1/../../../../arm-none-eabi/lib/thumb/v7e-m/fpv4-sp/hard/crt0.o (exit)
c:/st/stm32cubeide_1.2.0/stm32cubeide/plugins/com.st.stm32cube.ide.mcu.externaltools.gnu-tools-for-stm32.7-2018-q2-update.win32_1.0.0.201904181610/tools/bin/../lib/gcc/arm-none-eabi/7.3.1/../../../../arm-none-eabi/lib/thumb/v7e-m/fpv4-sp/hard\libc_nano.a(lib_a-impure.o)
                              c:/st/stm32cubeide_1.2.0/stm32cubeide/plugins/com.st.stm32cube.ide.mcu.externaltools.gnu-tools-for-stm32.7-2018-q2-update.win32_1.0.0.201904181610/tools/bin/../lib/gcc/arm-none-eabi/7.3.1/../../../../arm-none-eabi/lib/thumb/v7e-m/fpv4-sp/hard\libc_nano.a(lib_a-exit.o) (_global_impure_ptr)
c:/st/stm32cubeide_1.2.0/stm32cubeide/plugins/com.st.stm32cube.ide.mcu.externaltools.gnu-tools-for-stm32.7-2018-q2-update.win32_1.0.0.201904181610/tools/bin/../lib/gcc/arm-none-eabi/7.3.1/../../../../arm-none-eabi/lib/thumb/v7e-m/fpv4-sp/hard\libc_nano.a(lib_a-init.o)
                              c:/st/stm32cubeide_1.2.0/stm32cubeide/plugins/com.st.stm32cube.ide.mcu.externaltools.gnu-tools-for-stm32.7-2018-q2-update.win32_1.0.0.201904181610/tools/bin/../lib/gcc/arm-none-eabi/7.3.1/../../../../arm-none-eabi/lib/thumb/v7e-m/fpv4-sp/hard/crt0.o (__libc_init_array)
c:/st/stm32cubeide_1.2.0/stm32cubeide/plugins/com.st.stm32cube.ide.mcu.externaltools.gnu-tools-for-stm32.7-2018-q2-update.win32_1.0.0.201904181610/tools/bin/../lib/gcc/arm-none-eabi/7.3.1/../../../../arm-none-eabi/lib/thumb/v7e-m/fpv4-sp/hard\libc_nano.a(lib_a-memset.o)
                              c:/st/stm32cubeide_1.2.0/stm32cubeide/plugins/com.st.stm32cube.ide.mcu.externaltools.gnu-tools-for-stm32.7-2018-q2-update.win32_1.0.0.201904181610/tools/bin/../lib/gcc/arm-none-eabi/7.3.1/../../../../arm-none-eabi/lib/thumb/v7e-m/fpv4-sp/hard/crt0.o (memset)
c:/st/stm32cubeide_1.2.0/stm32cubeide/plugins/com.st.stm32cube.ide.mcu.externaltools.gnu-tools-for-stm32.7-2018-q2-update.win32_1.0.0.201904181610/tools/bin/../lib/gcc/arm-none-eabi/7.3.1/thumb/v7e-m/fpv4-sp/hard\libgcc.a(_aeabi_uldivmod.o)
                              Drivers/STM32F4xx_HAL_Driver/Src/stm32f4xx_hal_rcc.o (__aeabi_uldivmod)
c:/st/stm32cubeide_1.2.0/stm32cubeide/plugins/com.st.stm32cube.ide.mcu.externaltools.gnu-tools-for-stm32.7-2018-q2-update.win32_1.0.0.201904181610/tools/bin/../lib/gcc/arm-none-eabi/7.3.1/thumb/v7e-m/fpv4-sp/hard\libgcc.a(_udivmoddi4.o)
                              c:/st/stm32cubeide_1.2.0/stm32cubeide/plugins/com.st.stm32cube.ide.mcu.externaltools.gnu-tools-for-stm32.7-2018-q2-update.win32_1.0.0.201904181610/tools/bin/../lib/gcc/arm-none-eabi/7.3.1/thumb/v7e-m/fpv4-sp/hard\libgcc.a(_aeabi_uldivmod.o) (__udivmoddi4)
c:/st/stm32cubeide_1.2.0/stm32cubeide/plugins/com.st.stm32cube.ide.mcu.externaltools.gnu-tools-for-stm32.7-2018-q2-update.win32_1.0.0.201904181610/tools/bin/../lib/gcc/arm-none-eabi/7.3.1/thumb/v7e-m/fpv4-sp/hard\libgcc.a(_dvmd_tls.o)
                              c:/st/stm32cubeide_1.2.0/stm32cubeide/plugins/com.st.stm32cube.ide.mcu.externaltools.gnu-tools-for-stm32.7-2018-q2-update.win32_1.0.0.201904181610/tools/bin/../lib/gcc/arm-none-eabi/7.3.1/thumb/v7e-m/fpv4-sp/hard\libgcc.a(_aeabi_uldivmod.o) (__aeabi_ldiv0)

Allocating common symbols
Common symbol       size              file

JumpAddress         0x4               Core/Src/menu.o
uwTick              0x4               Drivers/STM32F4xx_HAL_Driver/Src/stm32f4xx_hal.o
pFlash              0x20              Drivers/STM32F4xx_HAL_Driver/Src/stm32f4xx_hal_flash.o
aPacketData         0x406             Core/Src/ymodem.o
huart6              0x40              Core/Src/main.o
aRxBuffer           0x7               Core/Src/main.o
flashdestination    0x4               Core/Src/ymodem.o
JumpToApplication   0x4               Core/Src/menu.o
aFileName           0x40              Core/Src/menu.o

Discarded input sections

 .text          0x0000000000000000        0x0 c:/st/stm32cubeide_1.2.0/stm32cubeide/plugins/com.st.stm32cube.ide.mcu.externaltools.gnu-tools-for-stm32.7-2018-q2-update.win32_1.0.0.201904181610/tools/bin/../lib/gcc/arm-none-eabi/7.3.1/thumb/v7e-m/fpv4-sp/hard/crti.o
[...]
Memory Configuration

Name             Origin             Length             Attributes
CCMRAM           0x0000000010000000 0x0000000000010000 xrw
RAM              0x0000000020000000 0x0000000000020000 xrw
FLASH            0x0000000008000000 0x0000000000100000 xr
*default*        0x0000000000000000 0xffffffffffffffff

Linker script and memory map

LOAD c:/st/stm32cubeide_1.2.0/stm32cubeide/plugins/com.st.stm32cube.ide.mcu.externaltools.gnu-tools-for-stm32.7-2018-q2-update.win32_1.0.0.201904181610/tools/bin/../lib/gcc/arm-none-eabi/7.3.1/thumb/v7e-m/fpv4-sp/hard/crti.o
LOAD c:/st/stm32cubeide_1.2.0/stm32cubeide/plugins/com.st.stm32cube.ide.mcu.externaltools.gnu-tools-for-stm32.7-2018-q2-update.win32_1.0.0.201904181610/tools/bin/../lib/gcc/arm-none-eabi/7.3.1/thumb/v7e-m/fpv4-sp/hard/crtbegin.o
LOAD c:/st/stm32cubeide_1.2.0/stm32cubeide/plugins/com.st.stm32cube.ide.mcu.externaltools.gnu-tools-for-stm32.7-2018-q2-update.win32_1.0.0.201904181610/tools/bin/../lib/gcc/arm-none-eabi/7.3.1/../../../../arm-none-eabi/lib/thumb/v7e-m/fpv4-sp/hard/crt0.o
LOAD Core/Src/common.o
LOAD Core/Src/flash_if.o
LOAD Core/Src/main.o
LOAD Core/Src/menu.o
LOAD Core/Src/stm32f4xx_hal_msp.o
LOAD Core/Src/stm32f4xx_it.o
LOAD Core/Src/syscalls.o
LOAD Core/Src/sysmem.o
LOAD Core/Src/system_stm32f4xx.o
LOAD Core/Src/ymodem.o
LOAD Core/Startup/startup_stm32f407vgtx.o
LOAD Drivers/STM32F4xx_HAL_Driver/Src/stm32f4xx_hal.o
LOAD Drivers/STM32F4xx_HAL_Driver/Src/stm32f4xx_hal_cortex.o
LOAD Drivers/STM32F4xx_HAL_Driver/Src/stm32f4xx_hal_dma.o
LOAD Drivers/STM32F4xx_HAL_Driver/Src/stm32f4xx_hal_dma_ex.o
LOAD Drivers/STM32F4xx_HAL_Driver/Src/stm32f4xx_hal_exti.o
LOAD Drivers/STM32F4xx_HAL_Driver/Src/stm32f4xx_hal_flash.o
LOAD Drivers/STM32F4xx_HAL_Driver/Src/stm32f4xx_hal_flash_ex.o
LOAD Drivers/STM32F4xx_HAL_Driver/Src/stm32f4xx_hal_flash_ramfunc.o
LOAD Drivers/STM32F4xx_HAL_Driver/Src/stm32f4xx_hal_gpio.o
LOAD Drivers/STM32F4xx_HAL_Driver/Src/stm32f4xx_hal_pwr.o
LOAD Drivers/STM32F4xx_HAL_Driver/Src/stm32f4xx_hal_pwr_ex.o
LOAD Drivers/STM32F4xx_HAL_Driver/Src/stm32f4xx_hal_rcc.o
LOAD Drivers/STM32F4xx_HAL_Driver/Src/stm32f4xx_hal_rcc_ex.o
LOAD Drivers/STM32F4xx_HAL_Driver/Src/stm32f4xx_hal_tim.o
LOAD Drivers/STM32F4xx_HAL_Driver/Src/stm32f4xx_hal_tim_ex.o
LOAD Drivers/STM32F4xx_HAL_Driver/Src/stm32f4xx_hal_uart.o
START GROUP
LOAD c:/st/stm32cubeide_1.2.0/stm32cubeide/plugins/com.st.stm32cube.ide.mcu.externaltools.gnu-tools-for-stm32.7-2018-q2-update.win32_1.0.0.201904181610/tools/bin/../lib/gcc/arm-none-eabi/7.3.1/../../../../arm-none-eabi/lib/thumb/v7e-m/fpv4-sp/hard\libc_nano.a
LOAD c:/st/stm32cubeide_1.2.0/stm32cubeide/plugins/com.st.stm32cube.ide.mcu.externaltools.gnu-tools-for-stm32.7-2018-q2-update.win32_1.0.0.201904181610/tools/bin/../lib/gcc/arm-none-eabi/7.3.1/../../../../arm-none-eabi/lib/thumb/v7e-m/fpv4-sp/hard\libm.a
END GROUP
START GROUP
LOAD c:/st/stm32cubeide_1.2.0/stm32cubeide/plugins/com.st.stm32cube.ide.mcu.externaltools.gnu-tools-for-stm32.7-2018-q2-update.win32_1.0.0.201904181610/tools/bin/../lib/gcc/arm-none-eabi/7.3.1/thumb/v7e-m/fpv4-sp/hard\libgcc.a
LOAD c:/st/stm32cubeide_1.2.0/stm32cubeide/plugins/com.st.stm32cube.ide.mcu.externaltools.gnu-tools-for-stm32.7-2018-q2-update.win32_1.0.0.201904181610/tools/bin/../lib/gcc/arm-none-eabi/7.3.1/../../../../arm-none-eabi/lib/thumb/v7e-m/fpv4-sp/hard\libc_nano.a
END GROUP
START GROUP
LOAD c:/st/stm32cubeide_1.2.0/stm32cubeide/plugins/com.st.stm32cube.ide.mcu.externaltools.gnu-tools-for-stm32.7-2018-q2-update.win32_1.0.0.201904181610/tools/bin/../lib/gcc/arm-none-eabi/7.3.1/thumb/v7e-m/fpv4-sp/hard\libgcc.a
LOAD c:/st/stm32cubeide_1.2.0/stm32cubeide/plugins/com.st.stm32cube.ide.mcu.externaltools.gnu-tools-for-stm32.7-2018-q2-update.win32_1.0.0.201904181610/tools/bin/../lib/gcc/arm-none-eabi/7.3.1/../../../../arm-none-eabi/lib/thumb/v7e-m/fpv4-sp/hard\libc_nano.a
LOAD c:/st/stm32cubeide_1.2.0/stm32cubeide/plugins/com.st.stm32cube.ide.mcu.externaltools.gnu-tools-for-stm32.7-2018-q2-update.win32_1.0.0.201904181610/tools/bin/../lib/gcc/arm-none-eabi/7.3.1/../../../../arm-none-eabi/lib/thumb/v7e-m/fpv4-sp/hard\libnosys.a
END GROUP
START GROUP
LOAD c:/st/stm32cubeide_1.2.0/stm32cubeide/plugins/com.st.stm32cube.ide.mcu.externaltools.gnu-tools-for-stm32.7-2018-q2-update.win32_1.0.0.201904181610/tools/bin/../lib/gcc/arm-none-eabi/7.3.1/thumb/v7e-m/fpv4-sp/hard\libgcc.a
LOAD c:/st/stm32cubeide_1.2.0/stm32cubeide/plugins/com.st.stm32cube.ide.mcu.externaltools.gnu-tools-for-stm32.7-2018-q2-update.win32_1.0.0.201904181610/tools/bin/../lib/gcc/arm-none-eabi/7.3.1/../../../../arm-none-eabi/lib/thumb/v7e-m/fpv4-sp/hard\libc_nano.a
LOAD c:/st/stm32cubeide_1.2.0/stm32cubeide/plugins/com.st.stm32cube.ide.mcu.externaltools.gnu-tools-for-stm32.7-2018-q2-update.win32_1.0.0.201904181610/tools/bin/../lib/gcc/arm-none-eabi/7.3.1/../../../../arm-none-eabi/lib/thumb/v7e-m/fpv4-sp/hard\libnosys.a
END GROUP
LOAD c:/st/stm32cubeide_1.2.0/stm32cubeide/plugins/com.st.stm32cube.ide.mcu.externaltools.gnu-tools-for-stm32.7-2018-q2-update.win32_1.0.0.201904181610/tools/bin/../lib/gcc/arm-none-eabi/7.3.1/thumb/v7e-m/fpv4-sp/hard/crtend.o
LOAD c:/st/stm32cubeide_1.2.0/stm32cubeide/plugins/com.st.stm32cube.ide.mcu.externaltools.gnu-tools-for-stm32.7-2018-q2-update.win32_1.0.0.201904181610/tools/bin/../lib/gcc/arm-none-eabi/7.3.1/thumb/v7e-m/fpv4-sp/hard/crtn.o
                0x0000000020020000                _estack = (ORIGIN (RAM) + LENGTH (RAM))
                0x0000000000000200                _Min_Heap_Size = 0x200
                0x0000000000000400                _Min_Stack_Size = 0x400

.isr_vector     0x0000000008000000      0x188
                0x0000000008000000                . = ALIGN (0x4)
 *(.isr_vector)
 .isr_vector    0x0000000008000000      0x188 Core/Startup/startup_stm32f407vgtx.o
                0x0000000008000000                g_pfnVectors
                0x0000000008000188                . = ALIGN (0x4)

.text           0x0000000008000188     0x4244
                0x0000000008000188                . = ALIGN (0x4)
 *(.text)
 .text          0x0000000008000188       0x40 c:/st/stm32cubeide_1.2.0/stm32cubeide/plugins/com.st.stm32cube.ide.mcu.externaltools.gnu-tools-for-stm32.7-2018-q2-update.win32_1.0.0.201904181610/tools/bin/../lib/gcc/arm-none-eabi/7.3.1/thumb/v7e-m/fpv4-sp/hard/crtbegin.o
 .text          0x00000000080001c8       0x30 c:/st/stm32cubeide_1.2.0/stm32cubeide/plugins/com.st.stm32cube.ide.mcu.externaltools.gnu-tools-for-stm32.7-2018-q2-update.win32_1.0.0.201904181610/tools/bin/../lib/gcc/arm-none-eabi/7.3.1/thumb/v7e-m/fpv4-sp/hard\libgcc.a(_aeabi_uldivmod.o)
                0x00000000080001c8                __aeabi_uldivmod
 .text          0x00000000080001f8      0x2cc c:/st/stm32cubeide_1.2.0/stm32cubeide/plugins/com.st.stm32cube.ide.mcu.externaltools.gnu-tools-for-stm32.7-2018-q2-update.win32_1.0.0.201904181610/tools/bin/../lib/gcc/arm-none-eabi/7.3.1/thumb/v7e-m/fpv4-sp/hard\libgcc.a(_udivmoddi4.o)
                0x00000000080001f8                __udivmoddi4
 .text          0x00000000080004c4        0x4 c:/st/stm32cubeide_1.2.0/stm32cubeide/plugins/com.st.stm32cube.ide.mcu.externaltools.gnu-tools-for-stm32.7-2018-q2-update.win32_1.0.0.201904181610/tools/bin/../lib/gcc/arm-none-eabi/7.3.1/thumb/v7e-m/fpv4-sp/hard\libgcc.a(_dvmd_tls.o)
                0x00000000080004c4                __aeabi_idiv0
                0x00000000080004c4                __aeabi_ldiv0
 *(.text*)
 .text.Int2Str  0x00000000080004c8       0xa8 Core/Src/common.o
                0x00000000080004c8                Int2Str
 .text.Str2Int  0x0000000008000570      0x1e8 Core/Src/common.o
                0x0000000008000570                Str2Int
 .text.Serial_PutString
                0x0000000008000758       0x40 Core/Src/common.o
                0x0000000008000758                Serial_PutString
 .text.Serial_PutByte
                0x0000000008000798       0x38 Core/Src/common.o
                0x0000000008000798                Serial_PutByte
 .text.FLASH_If_Init
                0x00000000080007d0       0x18 Core/Src/flash_if.o
                0x00000000080007d0                FLASH_If_Init
 .text.FLASH_If_Erase
                0x00000000080007e8       0x4c Core/Src/flash_if.o
                0x00000000080007e8                FLASH_If_Erase
 .text.FLASH_If_Write
                0x0000000008000834       0x7c Core/Src/flash_if.o
                0x0000000008000834                FLASH_If_Write
 .text.FLASH_If_GetWriteProtectionStatus
                0x00000000080008b0       0x3a Core/Src/flash_if.o
                0x00000000080008b0                FLASH_If_GetWriteProtectionStatus
 *fill*         0x00000000080008ea        0x2 
 .text.GetSector
                0x00000000080008ec      0x13c Core/Src/flash_if.o
 .text.FLASH_If_WriteProtectionConfig
                0x0000000008000a28       0x66 Core/Src/flash_if.o
                0x0000000008000a28                FLASH_If_WriteProtectionConfig
 *fill*         0x0000000008000a8e        0x2 
 .text.main     0x0000000008000a90       0xa0 Core/Src/main.o
                0x0000000008000a90                main
 .text.SystemClock_Config
                0x0000000008000b30       0xbc Core/Src/main.o
                0x0000000008000b30                SystemClock_Config
 .text.MX_USART6_UART_Init
                0x0000000008000bec       0x54 Core/Src/main.o
 .text.MX_GPIO_Init
                0x0000000008000c40       0xc0 Core/Src/main.o
 .text.HAL_UART_RxCpltCallback
                0x0000000008000d00       0x30 Core/Src/main.o
                0x0000000008000d00                HAL_UART_RxCpltCallback
 .text.Error_Handler
                0x0000000008000d30        0xe Core/Src/main.o
                0x0000000008000d30                Error_Handler
 *fill*         0x0000000008000d3e        0x2 
 .text.SerialDownload
                0x0000000008000d40       0xc4 Core/Src/menu.o
                0x0000000008000d40                SerialDownload
 .text.SerialUpload
                0x0000000008000e04       0x68 Core/Src/menu.o
                0x0000000008000e04                SerialUpload
 .text.Main_Menu
                0x0000000008000e6c      0x1a4 Core/Src/menu.o
                0x0000000008000e6c                Main_Menu
 .text.HAL_MspInit
                0x0000000008001010       0x50 Core/Src/stm32f4xx_hal_msp.o
                0x0000000008001010                HAL_MspInit
 .text.HAL_UART_MspInit
                0x0000000008001060       0xa0 Core/Src/stm32f4xx_hal_msp.o
                0x0000000008001060                HAL_UART_MspInit
 .text.NMI_Handler
                0x0000000008001100        0xe Core/Src/stm32f4xx_it.o
                0x0000000008001100                NMI_Handler
 .text.HardFault_Handler
                0x000000000800110e        0x6 Core/Src/stm32f4xx_it.o
                0x000000000800110e                HardFault_Handler
 .text.MemManage_Handler
                0x0000000008001114        0x6 Core/Src/stm32f4xx_it.o
                0x0000000008001114                MemManage_Handler
 .text.BusFault_Handler
                0x000000000800111a        0x6 Core/Src/stm32f4xx_it.o
                0x000000000800111a                BusFault_Handler
 .text.UsageFault_Handler
                0x0000000008001120        0x6 Core/Src/stm32f4xx_it.o
                0x0000000008001120                UsageFault_Handler
 .text.SVC_Handler
                0x0000000008001126        0xe Core/Src/stm32f4xx_it.o
                0x0000000008001126                SVC_Handler
 .text.DebugMon_Handler
                0x0000000008001134        0xe Core/Src/stm32f4xx_it.o
                0x0000000008001134                DebugMon_Handler
 .text.PendSV_Handler
                0x0000000008001142        0xe Core/Src/stm32f4xx_it.o
                0x0000000008001142                PendSV_Handler
 .text.SysTick_Handler
                0x0000000008001150        0xc Core/Src/stm32f4xx_it.o
                0x0000000008001150                SysTick_Handler
 .text.USART6_IRQHandler
                0x000000000800115c       0x14 Core/Src/stm32f4xx_it.o
                0x000000000800115c                USART6_IRQHandler
 .text.SystemInit
                0x0000000008001170       0x2c Core/Src/system_stm32f4xx.o
                0x0000000008001170                SystemInit
 .text.ReceivePacket
                0x000000000800119c      0x134 Core/Src/ymodem.o
 .text.PrepareIntialPacket
                0x00000000080012d0       0xc6 Core/Src/ymodem.o
 .text.PreparePacket
                0x0000000008001396       0xbc Core/Src/ymodem.o
 .text.UpdateCRC16
                0x0000000008001452       0x68 Core/Src/ymodem.o
                0x0000000008001452                UpdateCRC16
 .text.Cal_CRC16
                0x00000000080014ba       0x62 Core/Src/ymodem.o
                0x00000000080014ba                Cal_CRC16
 .text.Ymodem_Receive
                0x000000000800151c      0x250 Core/Src/ymodem.o
                0x000000000800151c                Ymodem_Receive
 .text.Ymodem_Transmit
                0x000000000800176c      0x320 Core/Src/ymodem.o
                0x000000000800176c                Ymodem_Transmit
 .text.Reset_Handler
                0x0000000008001a8c       0x50 Core/Startup/startup_stm32f407vgtx.o
                0x0000000008001a8c                Reset_Handler
 .text.Default_Handler
                0x0000000008001adc        0x2 Core/Startup/startup_stm32f407vgtx.o
                0x0000000008001adc                RTC_Alarm_IRQHandler
                0x0000000008001adc                HASH_RNG_IRQHandler
                0x0000000008001adc                EXTI2_IRQHandler
                0x0000000008001adc                TIM8_CC_IRQHandler
                0x0000000008001adc                TIM1_CC_IRQHandler
                0x0000000008001adc                DMA2_Stream5_IRQHandler
                0x0000000008001adc                DMA1_Stream5_IRQHandler
                0x0000000008001adc                PVD_IRQHandler
                0x0000000008001adc                SDIO_IRQHandler
                0x0000000008001adc                TAMP_STAMP_IRQHandler
                0x0000000008001adc                CAN2_RX1_IRQHandler
                0x0000000008001adc                EXTI3_IRQHandler
                0x0000000008001adc                TIM8_TRG_COM_TIM14_IRQHandler
                0x0000000008001adc                TIM1_UP_TIM10_IRQHandler
                0x0000000008001adc                TIM8_UP_TIM13_IRQHandler
                0x0000000008001adc                I2C3_ER_IRQHandler
                0x0000000008001adc                EXTI0_IRQHandler
                0x0000000008001adc                I2C2_EV_IRQHandler
                0x0000000008001adc                DMA1_Stream2_IRQHandler
                0x0000000008001adc                CAN1_RX0_IRQHandler
                0x0000000008001adc                FPU_IRQHandler
                0x0000000008001adc                OTG_HS_WKUP_IRQHandler
                0x0000000008001adc                CAN2_SCE_IRQHandler
                0x0000000008001adc                DMA2_Stream2_IRQHandler
                0x0000000008001adc                SPI1_IRQHandler
                0x0000000008001adc                TIM6_DAC_IRQHandler
                0x0000000008001adc                TIM1_BRK_TIM9_IRQHandler
                0x0000000008001adc                DCMI_IRQHandler
                0x0000000008001adc                CAN2_RX0_IRQHandler
                0x0000000008001adc                DMA2_Stream3_IRQHandler
                0x0000000008001adc                USART3_IRQHandler
                0x0000000008001adc                CAN1_RX1_IRQHandler
                0x0000000008001adc                UART5_IRQHandler
                0x0000000008001adc                DMA2_Stream0_IRQHandler
                0x0000000008001adc                TIM4_IRQHandler
                0x0000000008001adc                I2C1_EV_IRQHandler
                0x0000000008001adc                DMA1_Stream6_IRQHandler
                0x0000000008001adc                DMA1_Stream1_IRQHandler
                0x0000000008001adc                UART4_IRQHandler
                0x0000000008001adc                TIM3_IRQHandler
                0x0000000008001adc                RCC_IRQHandler
                0x0000000008001adc                TIM8_BRK_TIM12_IRQHandler
                0x0000000008001adc                Default_Handler
                0x0000000008001adc                EXTI15_10_IRQHandler
                0x0000000008001adc                ADC_IRQHandler
                0x0000000008001adc                DMA1_Stream7_IRQHandler
                0x0000000008001adc                TIM7_IRQHandler
                0x0000000008001adc                CAN2_TX_IRQHandler
                0x0000000008001adc                TIM5_IRQHandler
                0x0000000008001adc                DMA2_Stream7_IRQHandler
                0x0000000008001adc                I2C3_EV_IRQHandler
                0x0000000008001adc                EXTI9_5_IRQHandler
                0x0000000008001adc                RTC_WKUP_IRQHandler
                0x0000000008001adc                ETH_WKUP_IRQHandler
                0x0000000008001adc                SPI2_IRQHandler
                0x0000000008001adc                OTG_HS_EP1_IN_IRQHandler
                0x0000000008001adc                DMA1_Stream0_IRQHandler
                0x0000000008001adc                CAN1_TX_IRQHandler
                0x0000000008001adc                EXTI4_IRQHandler
                0x0000000008001adc                FSMC_IRQHandler
                0x0000000008001adc                ETH_IRQHandler
                0x0000000008001adc                OTG_HS_EP1_OUT_IRQHandler
                0x0000000008001adc                WWDG_IRQHandler
                0x0000000008001adc                TIM2_IRQHandler
                0x0000000008001adc                OTG_FS_WKUP_IRQHandler
                0x0000000008001adc                TIM1_TRG_COM_TIM11_IRQHandler
                0x0000000008001adc                OTG_HS_IRQHandler
                0x0000000008001adc                EXTI1_IRQHandler
                0x0000000008001adc                USART2_IRQHandler
                0x0000000008001adc                I2C2_ER_IRQHandler
                0x0000000008001adc                DMA2_Stream1_IRQHandler
                0x0000000008001adc                CAN1_SCE_IRQHandler
                0x0000000008001adc                FLASH_IRQHandler
                0x0000000008001adc                DMA2_Stream4_IRQHandler
                0x0000000008001adc                USART1_IRQHandler
                0x0000000008001adc                OTG_FS_IRQHandler
                0x0000000008001adc                SPI3_IRQHandler
                0x0000000008001adc                DMA1_Stream4_IRQHandler
                0x0000000008001adc                I2C1_ER_IRQHandler
                0x0000000008001adc                DMA2_Stream6_IRQHandler
                0x0000000008001adc                DMA1_Stream3_IRQHandler
 *fill*         0x0000000008001ade        0x2 
 .text.HAL_Init
                0x0000000008001ae0       0x44 Drivers/STM32F4xx_HAL_Driver/Src/stm32f4xx_hal.o
                0x0000000008001ae0                HAL_Init
 .text.HAL_InitTick
                0x0000000008001b24       0x60 Drivers/STM32F4xx_HAL_Driver/Src/stm32f4xx_hal.o
                0x0000000008001b24                HAL_InitTick
 .text.HAL_IncTick
                0x0000000008001b84       0x28 Drivers/STM32F4xx_HAL_Driver/Src/stm32f4xx_hal.o
                0x0000000008001b84                HAL_IncTick
 .text.HAL_GetTick
                0x0000000008001bac       0x18 Drivers/STM32F4xx_HAL_Driver/Src/stm32f4xx_hal.o
                0x0000000008001bac                HAL_GetTick
 .text.HAL_Delay
                0x0000000008001bc4       0x44 Drivers/STM32F4xx_HAL_Driver/Src/stm32f4xx_hal.o
                0x0000000008001bc4                HAL_Delay
 .text.__NVIC_SetPriorityGrouping
                0x0000000008001c08       0x48 Drivers/STM32F4xx_HAL_Driver/Src/stm32f4xx_hal_cortex.o
 .text.__NVIC_GetPriorityGrouping
                0x0000000008001c50       0x1c Drivers/STM32F4xx_HAL_Driver/Src/stm32f4xx_hal_cortex.o
 .text.__NVIC_EnableIRQ
                0x0000000008001c6c       0x3c Drivers/STM32F4xx_HAL_Driver/Src/stm32f4xx_hal_cortex.o
 .text.__NVIC_SetPriority
                0x0000000008001ca8       0x54 Drivers/STM32F4xx_HAL_Driver/Src/stm32f4xx_hal_cortex.o
 .text.NVIC_EncodePriority
                0x0000000008001cfc       0x66 Drivers/STM32F4xx_HAL_Driver/Src/stm32f4xx_hal_cortex.o
 *fill*         0x0000000008001d62        0x2 
 .text.SysTick_Config
                0x0000000008001d64       0x44 Drivers/STM32F4xx_HAL_Driver/Src/stm32f4xx_hal_cortex.o
 .text.HAL_NVIC_SetPriorityGrouping
                0x0000000008001da8       0x16 Drivers/STM32F4xx_HAL_Driver/Src/stm32f4xx_hal_cortex.o
                0x0000000008001da8                HAL_NVIC_SetPriorityGrouping
 .text.HAL_NVIC_SetPriority
                0x0000000008001dbe       0x38 Drivers/STM32F4xx_HAL_Driver/Src/stm32f4xx_hal_cortex.o
                0x0000000008001dbe                HAL_NVIC_SetPriority
 .text.HAL_NVIC_EnableIRQ
                0x0000000008001df6       0x1c Drivers/STM32F4xx_HAL_Driver/Src/stm32f4xx_hal_cortex.o
                0x0000000008001df6                HAL_NVIC_EnableIRQ
 .text.HAL_SYSTICK_Config
                0x0000000008001e12       0x18 Drivers/STM32F4xx_HAL_Driver/Src/stm32f4xx_hal_cortex.o
                0x0000000008001e12                HAL_SYSTICK_Config
 .text.HAL_DMA_Abort_IT
                0x0000000008001e2a       0x44 Drivers/STM32F4xx_HAL_Driver/Src/stm32f4xx_hal_dma.o
                0x0000000008001e2a                HAL_DMA_Abort_IT
 *fill*         0x0000000008001e6e        0x2 
 .text.HAL_FLASH_Program
                0x0000000008001e70       0xa8 Drivers/STM32F4xx_HAL_Driver/Src/stm32f4xx_hal_flash.o
                0x0000000008001e70                HAL_FLASH_Program
 .text.HAL_FLASH_Unlock
                0x0000000008001f18       0x44 Drivers/STM32F4xx_HAL_Driver/Src/stm32f4xx_hal_flash.o
                0x0000000008001f18                HAL_FLASH_Unlock
 .text.HAL_FLASH_Lock
                0x0000000008001f5c       0x20 Drivers/STM32F4xx_HAL_Driver/Src/stm32f4xx_hal_flash.o
                0x0000000008001f5c                HAL_FLASH_Lock
 .text.HAL_FLASH_OB_Unlock
                0x0000000008001f7c       0x38 Drivers/STM32F4xx_HAL_Driver/Src/stm32f4xx_hal_flash.o
                0x0000000008001f7c                HAL_FLASH_OB_Unlock
 .text.HAL_FLASH_OB_Launch
                0x0000000008001fb4       0x28 Drivers/STM32F4xx_HAL_Driver/Src/stm32f4xx_hal_flash.o
                0x0000000008001fb4                HAL_FLASH_OB_Launch
 .text.FLASH_WaitForLastOperation
                0x0000000008001fdc       0x80 Drivers/STM32F4xx_HAL_Driver/Src/stm32f4xx_hal_flash.o
                0x0000000008001fdc                FLASH_WaitForLastOperation
 .text.FLASH_Program_DoubleWord
                0x000000000800205c       0x60 Drivers/STM32F4xx_HAL_Driver/Src/stm32f4xx_hal_flash.o
 .text.FLASH_Program_Word
                0x00000000080020bc       0x44 Drivers/STM32F4xx_HAL_Driver/Src/stm32f4xx_hal_flash.o
 .text.FLASH_Program_HalfWord
                0x0000000008002100       0x48 Drivers/STM32F4xx_HAL_Driver/Src/stm32f4xx_hal_flash.o
 .text.FLASH_Program_Byte
                0x0000000008002148       0x44 Drivers/STM32F4xx_HAL_Driver/Src/stm32f4xx_hal_flash.o
 .text.FLASH_SetErrorCode
                0x000000000800218c       0xac Drivers/STM32F4xx_HAL_Driver/Src/stm32f4xx_hal_flash.o
 .text.HAL_FLASHEx_Erase
                0x0000000008002238       0xe0 Drivers/STM32F4xx_HAL_Driver/Src/stm32f4xx_hal_flash_ex.o
                0x0000000008002238                HAL_FLASHEx_Erase
 .text.HAL_FLASHEx_OBProgram
                0x0000000008002318       0xdc Drivers/STM32F4xx_HAL_Driver/Src/stm32f4xx_hal_flash_ex.o
                0x0000000008002318                HAL_FLASHEx_OBProgram
 .text.HAL_FLASHEx_OBGetConfig
                0x00000000080023f4       0x46 Drivers/STM32F4xx_HAL_Driver/Src/stm32f4xx_hal_flash_ex.o
                0x00000000080023f4                HAL_FLASHEx_OBGetConfig
 *fill*         0x000000000800243a        0x2 
 .text.FLASH_MassErase
                0x000000000800243c       0x48 Drivers/STM32F4xx_HAL_Driver/Src/stm32f4xx_hal_flash_ex.o
 .text.FLASH_Erase_Sector
                0x0000000008002484       0x90 Drivers/STM32F4xx_HAL_Driver/Src/stm32f4xx_hal_flash_ex.o
                0x0000000008002484                FLASH_Erase_Sector
 .text.FLASH_OB_EnableWRP
                0x0000000008002514       0x44 Drivers/STM32F4xx_HAL_Driver/Src/stm32f4xx_hal_flash_ex.o
 .text.FLASH_OB_DisableWRP
                0x0000000008002558       0x40 Drivers/STM32F4xx_HAL_Driver/Src/stm32f4xx_hal_flash_ex.o
 .text.FLASH_OB_RDP_LevelConfig
                0x0000000008002598       0x34 Drivers/STM32F4xx_HAL_Driver/Src/stm32f4xx_hal_flash_ex.o
 .text.FLASH_OB_UserConfig
                0x00000000080025cc       0x60 Drivers/STM32F4xx_HAL_Driver/Src/stm32f4xx_hal_flash_ex.o
 .text.FLASH_OB_BOR_LevelConfig
                0x000000000800262c       0x3c Drivers/STM32F4xx_HAL_Driver/Src/stm32f4xx_hal_flash_ex.o
 .text.FLASH_OB_GetUser
                0x0000000008002668       0x20 Drivers/STM32F4xx_HAL_Driver/Src/stm32f4xx_hal_flash_ex.o
 .text.FLASH_OB_GetWRP
                0x0000000008002688       0x18 Drivers/STM32F4xx_HAL_Driver/Src/stm32f4xx_hal_flash_ex.o
 .text.FLASH_OB_GetRDP
                0x00000000080026a0       0x40 Drivers/STM32F4xx_HAL_Driver/Src/stm32f4xx_hal_flash_ex.o
 .text.FLASH_OB_GetBOR
                0x00000000080026e0       0x20 Drivers/STM32F4xx_HAL_Driver/Src/stm32f4xx_hal_flash_ex.o
 .text.FLASH_FlushCaches
                0x0000000008002700       0x8c Drivers/STM32F4xx_HAL_Driver/Src/stm32f4xx_hal_flash_ex.o
                0x0000000008002700                FLASH_FlushCaches
 .text.HAL_GPIO_Init
                0x000000000800278c      0x334 Drivers/STM32F4xx_HAL_Driver/Src/stm32f4xx_hal_gpio.o
                0x000000000800278c                HAL_GPIO_Init
 .text.HAL_GPIO_WritePin
                0x0000000008002ac0       0x32 Drivers/STM32F4xx_HAL_Driver/Src/stm32f4xx_hal_gpio.o
                0x0000000008002ac0                HAL_GPIO_WritePin
 .text.HAL_GPIO_TogglePin
                0x0000000008002af2       0x36 Drivers/STM32F4xx_HAL_Driver/Src/stm32f4xx_hal_gpio.o
                0x0000000008002af2                HAL_GPIO_TogglePin
 .text.HAL_RCC_OscConfig
                0x0000000008002b28      0x4e0 Drivers/STM32F4xx_HAL_Driver/Src/stm32f4xx_hal_rcc.o
                0x0000000008002b28                HAL_RCC_OscConfig
 .text.HAL_RCC_ClockConfig
                0x0000000008003008      0x1cc Drivers/STM32F4xx_HAL_Driver/Src/stm32f4xx_hal_rcc.o
                0x0000000008003008                HAL_RCC_ClockConfig
 .text.HAL_RCC_GetSysClockFreq
                0x00000000080031d4      0x164 Drivers/STM32F4xx_HAL_Driver/Src/stm32f4xx_hal_rcc.o
                0x00000000080031d4                HAL_RCC_GetSysClockFreq
 .text.HAL_RCC_GetHCLKFreq
                0x0000000008003338       0x18 Drivers/STM32F4xx_HAL_Driver/Src/stm32f4xx_hal_rcc.o
                0x0000000008003338                HAL_RCC_GetHCLKFreq
 .text.HAL_RCC_GetPCLK1Freq
                0x0000000008003350       0x28 Drivers/STM32F4xx_HAL_Driver/Src/stm32f4xx_hal_rcc.o
                0x0000000008003350                HAL_RCC_GetPCLK1Freq
 .text.HAL_RCC_GetPCLK2Freq
                0x0000000008003378       0x28 Drivers/STM32F4xx_HAL_Driver/Src/stm32f4xx_hal_rcc.o
                0x0000000008003378                HAL_RCC_GetPCLK2Freq
 .text.HAL_UART_Init
                0x00000000080033a0       0x9a Drivers/STM32F4xx_HAL_Driver/Src/stm32f4xx_hal_uart.o
                0x00000000080033a0                HAL_UART_Init
 .text.HAL_UART_Transmit
                0x000000000800343a      0x132 Drivers/STM32F4xx_HAL_Driver/Src/stm32f4xx_hal_uart.o
                0x000000000800343a                HAL_UART_Transmit
 .text.HAL_UART_Receive
                0x000000000800356c      0x14c Drivers/STM32F4xx_HAL_Driver/Src/stm32f4xx_hal_uart.o
                0x000000000800356c                HAL_UART_Receive
 .text.HAL_UART_Receive_IT
                0x00000000080036b8       0xaa Drivers/STM32F4xx_HAL_Driver/Src/stm32f4xx_hal_uart.o
                0x00000000080036b8                HAL_UART_Receive_IT
 *fill*         0x0000000008003762        0x2 
 .text.HAL_UART_IRQHandler
                0x0000000008003764      0x200 Drivers/STM32F4xx_HAL_Driver/Src/stm32f4xx_hal_uart.o
                0x0000000008003764                HAL_UART_IRQHandler
 .text.HAL_UART_TxCpltCallback
                0x0000000008003964       0x14 Drivers/STM32F4xx_HAL_Driver/Src/stm32f4xx_hal_uart.o
                0x0000000008003964                HAL_UART_TxCpltCallback
 .text.HAL_UART_ErrorCallback
                0x0000000008003978       0x14 Drivers/STM32F4xx_HAL_Driver/Src/stm32f4xx_hal_uart.o
                0x0000000008003978                HAL_UART_ErrorCallback
 .text.UART_WaitOnFlagUntilTimeout
                0x000000000800398c       0x94 Drivers/STM32F4xx_HAL_Driver/Src/stm32f4xx_hal_uart.o
 .text.UART_EndRxTransfer
                0x0000000008003a20       0x3c Drivers/STM32F4xx_HAL_Driver/Src/stm32f4xx_hal_uart.o
 .text.UART_DMAAbortOnError
                0x0000000008003a5c       0x28 Drivers/STM32F4xx_HAL_Driver/Src/stm32f4xx_hal_uart.o
 .text.UART_Transmit_IT
                0x0000000008003a84       0xac Drivers/STM32F4xx_HAL_Driver/Src/stm32f4xx_hal_uart.o
 .text.UART_EndTransmit_IT
                0x0000000008003b30       0x30 Drivers/STM32F4xx_HAL_Driver/Src/stm32f4xx_hal_uart.o
 .text.UART_Receive_IT
                0x0000000008003b60      0x102 Drivers/STM32F4xx_HAL_Driver/Src/stm32f4xx_hal_uart.o
 *fill*         0x0000000008003c62        0x2 
 .text.UART_SetConfig
                0x0000000008003c64      0x6f8 Drivers/STM32F4xx_HAL_Driver/Src/stm32f4xx_hal_uart.o
 .text.__libc_init_array
                0x000000000800435c       0x48 c:/st/stm32cubeide_1.2.0/stm32cubeide/plugins/com.st.stm32cube.ide.mcu.externaltools.gnu-tools-for-stm32.7-2018-q2-update.win32_1.0.0.201904181610/tools/bin/../lib/gcc/arm-none-eabi/7.3.1/../../../../arm-none-eabi/lib/thumb/v7e-m/fpv4-sp/hard\libc_nano.a(lib_a-init.o)
                0x000000000800435c                __libc_init_array
 .text.memset   0x00000000080043a4       0x10 c:/st/stm32cubeide_1.2.0/stm32cubeide/plugins/com.st.stm32cube.ide.mcu.externaltools.gnu-tools-for-stm32.7-2018-q2-update.win32_1.0.0.201904181610/tools/bin/../lib/gcc/arm-none-eabi/7.3.1/../../../../arm-none-eabi/lib/thumb/v7e-m/fpv4-sp/hard\libc_nano.a(lib_a-memset.o)
                0x00000000080043a4                memset
 *(.glue_7)
 .glue_7        0x00000000080043b4        0x0 linker stubs
 *(.glue_7t)
 .glue_7t       0x00000000080043b4        0x0 linker stubs
 *(.eh_frame)
 .eh_frame      0x00000000080043b4        0x0 c:/st/stm32cubeide_1.2.0/stm32cubeide/plugins/com.st.stm32cube.ide.mcu.externaltools.gnu-tools-for-stm32.7-2018-q2-update.win32_1.0.0.201904181610/tools/bin/../lib/gcc/arm-none-eabi/7.3.1/thumb/v7e-m/fpv4-sp/hard/crtbegin.o
 *(.init)
 .init          0x00000000080043b4        0x4 c:/st/stm32cubeide_1.2.0/stm32cubeide/plugins/com.st.stm32cube.ide.mcu.externaltools.gnu-tools-for-stm32.7-2018-q2-update.win32_1.0.0.201904181610/tools/bin/../lib/gcc/arm-none-eabi/7.3.1/thumb/v7e-m/fpv4-sp/hard/crti.o
                0x00000000080043b4                _init
 .init          0x00000000080043b8        0x8 c:/st/stm32cubeide_1.2.0/stm32cubeide/plugins/com.st.stm32cube.ide.mcu.externaltools.gnu-tools-for-stm32.7-2018-q2-update.win32_1.0.0.201904181610/tools/bin/../lib/gcc/arm-none-eabi/7.3.1/thumb/v7e-m/fpv4-sp/hard/crtn.o
 *(.fini)
 .fini          0x00000000080043c0        0x4 c:/st/stm32cubeide_1.2.0/stm32cubeide/plugins/com.st.stm32cube.ide.mcu.externaltools.gnu-tools-for-stm32.7-2018-q2-update.win32_1.0.0.201904181610/tools/bin/../lib/gcc/arm-none-eabi/7.3.1/thumb/v7e-m/fpv4-sp/hard/crti.o
                0x00000000080043c0                _fini
 .fini          0x00000000080043c4        0x8 c:/st/stm32cubeide_1.2.0/stm32cubeide/plugins/com.st.stm32cube.ide.mcu.externaltools.gnu-tools-for-stm32.7-2018-q2-update.win32_1.0.0.201904181610/tools/bin/../lib/gcc/arm-none-eabi/7.3.1/thumb/v7e-m/fpv4-sp/hard/crtn.o
                0x00000000080043cc                . = ALIGN (0x4)
                0x00000000080043cc                _etext = .

.vfp11_veneer   0x00000000080043cc        0x0
 .vfp11_veneer  0x00000000080043cc        0x0 linker stubs

.v4_bx          0x00000000080043cc        0x0
 .v4_bx         0x00000000080043cc        0x0 linker stubs

.iplt           0x00000000080043cc        0x0
 .iplt          0x00000000080043cc        0x0 c:/st/stm32cubeide_1.2.0/stm32cubeide/plugins/com.st.stm32cube.ide.mcu.externaltools.gnu-tools-for-stm32.7-2018-q2-update.win32_1.0.0.201904181610/tools/bin/../lib/gcc/arm-none-eabi/7.3.1/thumb/v7e-m/fpv4-sp/hard/crtbegin.o

.rodata         0x00000000080043cc      0x4c0
                0x00000000080043cc                . = ALIGN (0x4)
 *(.rodata)
 .rodata        0x00000000080043cc        0xa Core/Src/main.o
 *fill*         0x00000000080043d6        0x2 
 .rodata        0x00000000080043d8      0x49b Core/Src/menu.o
 *(.rodata*)
 *fill*         0x0000000008004873        0x1 
 .rodata.AHBPrescTable
                0x0000000008004874       0x10 Core/Src/system_stm32f4xx.o
                0x0000000008004874                AHBPrescTable
 .rodata.APBPrescTable
                0x0000000008004884        0x8 Core/Src/system_stm32f4xx.o
                0x0000000008004884                APBPrescTable
                0x000000000800488c                . = ALIGN (0x4)

.ARM.extab      0x000000000800488c        0x0
                0x000000000800488c                . = ALIGN (0x4)
 *(.ARM.extab* .gnu.linkonce.armextab.*)
                0x000000000800488c                . = ALIGN (0x4)

.ARM            0x000000000800488c        0x8
                0x000000000800488c                . = ALIGN (0x4)
                0x000000000800488c                __exidx_start = .
 *(.ARM.exidx*)
 .ARM.exidx     0x000000000800488c        0x8 c:/st/stm32cubeide_1.2.0/stm32cubeide/plugins/com.st.stm32cube.ide.mcu.externaltools.gnu-tools-for-stm32.7-2018-q2-update.win32_1.0.0.201904181610/tools/bin/../lib/gcc/arm-none-eabi/7.3.1/thumb/v7e-m/fpv4-sp/hard\libgcc.a(_udivmoddi4.o)
                0x0000000008004894                __exidx_end = .
                0x0000000008004894                . = ALIGN (0x4)

.rel.dyn        0x0000000008004894        0x0
 .rel.iplt      0x0000000008004894        0x0 c:/st/stm32cubeide_1.2.0/stm32cubeide/plugins/com.st.stm32cube.ide.mcu.externaltools.gnu-tools-for-stm32.7-2018-q2-update.win32_1.0.0.201904181610/tools/bin/../lib/gcc/arm-none-eabi/7.3.1/thumb/v7e-m/fpv4-sp/hard/crtbegin.o

.preinit_array  0x0000000008004894        0x0
                0x0000000008004894                . = ALIGN (0x4)
                0x0000000008004894                PROVIDE (__preinit_array_start = .)
 *(.preinit_array*)
                0x0000000008004894                PROVIDE (__preinit_array_end = .)
                0x0000000008004894                . = ALIGN (0x4)

.init_array     0x0000000008004894        0x4
                0x0000000008004894                . = ALIGN (0x4)
                0x0000000008004894                PROVIDE (__init_array_start = .)
 *(SORT_BY_NAME(.init_array.*))
 *(.init_array*)
 .init_array    0x0000000008004894        0x4 c:/st/stm32cubeide_1.2.0/stm32cubeide/plugins/com.st.stm32cube.ide.mcu.externaltools.gnu-tools-for-stm32.7-2018-q2-update.win32_1.0.0.201904181610/tools/bin/../lib/gcc/arm-none-eabi/7.3.1/thumb/v7e-m/fpv4-sp/hard/crtbegin.o
                0x0000000008004898                PROVIDE (__init_array_end = .)
                0x0000000008004898                . = ALIGN (0x4)

.fini_array     0x0000000008004898        0x4
                0x0000000008004898                . = ALIGN (0x4)
                [!provide]                        PROVIDE (__fini_array_start = .)
 *(SORT_BY_NAME(.fini_array.*))
 *(.fini_array*)
 .fini_array    0x0000000008004898        0x4 c:/st/stm32cubeide_1.2.0/stm32cubeide/plugins/com.st.stm32cube.ide.mcu.externaltools.gnu-tools-for-stm32.7-2018-q2-update.win32_1.0.0.201904181610/tools/bin/../lib/gcc/arm-none-eabi/7.3.1/thumb/v7e-m/fpv4-sp/hard/crtbegin.o
                [!provide]                        PROVIDE (__fini_array_end = .)
                0x000000000800489c                . = ALIGN (0x4)
                0x000000000800489c                _sidata = LOADADDR (.data)

.data           0x0000000020000000       0x10 load address 0x000000000800489c
                0x0000000020000000                . = ALIGN (0x4)
                0x0000000020000000                _sdata = .
 *(.data)
 *(.data*)
 .data.flag     0x0000000020000000        0x1 Core/Src/menu.o
                0x0000000020000000                flag
 *fill*         0x0000000020000001        0x3 
 .data.SystemCoreClock
                0x0000000020000004        0x4 Core/Src/system_stm32f4xx.o
                0x0000000020000004                SystemCoreClock
 .data.uwTickPrio
                0x0000000020000008        0x4 Drivers/STM32F4xx_HAL_Driver/Src/stm32f4xx_hal.o
                0x0000000020000008                uwTickPrio
 .data.uwTickFreq
                0x000000002000000c        0x1 Drivers/STM32F4xx_HAL_Driver/Src/stm32f4xx_hal.o
                0x000000002000000c                uwTickFreq
                0x0000000020000010                . = ALIGN (0x4)
 *fill*         0x000000002000000d        0x3 
                0x0000000020000010                _edata = .

.igot.plt       0x0000000020000010        0x0 load address 0x00000000080048ac
 .igot.plt      0x0000000020000010        0x0 c:/st/stm32cubeide_1.2.0/stm32cubeide/plugins/com.st.stm32cube.ide.mcu.externaltools.gnu-tools-for-stm32.7-2018-q2-update.win32_1.0.0.201904181610/tools/bin/../lib/gcc/arm-none-eabi/7.3.1/thumb/v7e-m/fpv4-sp/hard/crtbegin.o
                0x0000000020000010                . = ALIGN (0x4)

.bss            0x0000000020000010      0x4e0 load address 0x00000000080048ac
                0x0000000020000010                _sbss = .
                0x0000000020000010                __bss_start__ = _sbss
 *(.bss)
 .bss           0x0000000020000010       0x1c c:/st/stm32cubeide_1.2.0/stm32cubeide/plugins/com.st.stm32cube.ide.mcu.externaltools.gnu-tools-for-stm32.7-2018-q2-update.win32_1.0.0.201904181610/tools/bin/../lib/gcc/arm-none-eabi/7.3.1/thumb/v7e-m/fpv4-sp/hard/crtbegin.o
 *(.bss*)
 .bss.FlashProtection
                0x000000002000002c        0x4 Core/Src/menu.o
                0x000000002000002c                FlashProtection
 *(COMMON)
 COMMON         0x0000000020000030       0x47 Core/Src/main.o
                0x0000000020000030                huart6
                0x0000000020000070                aRxBuffer
 *fill*         0x0000000020000077        0x1 
 COMMON         0x0000000020000078       0x48 Core/Src/menu.o
                0x0000000020000078                JumpAddress
                0x000000002000007c                JumpToApplication
                0x0000000020000080                aFileName
 COMMON         0x00000000200000c0      0x40c Core/Src/ymodem.o
                0x00000000200000c0                aPacketData
                0x00000000200004c8                flashdestination
 COMMON         0x00000000200004cc        0x4 Drivers/STM32F4xx_HAL_Driver/Src/stm32f4xx_hal.o
                0x00000000200004cc                uwTick
 COMMON         0x00000000200004d0       0x20 Drivers/STM32F4xx_HAL_Driver/Src/stm32f4xx_hal_flash.o
                0x00000000200004d0                pFlash
                0x00000000200004f0                . = ALIGN (0x4)
                0x00000000200004f0                _ebss = .
                0x00000000200004f0                __bss_end__ = _ebss

._user_heap_stack
                0x00000000200004f0      0x600 load address 0x00000000080048ac
                0x00000000200004f0                . = ALIGN (0x8)
                0x00000000200004f0                PROVIDE (end = .)
                [!provide]                        PROVIDE (_end = .)
                0x00000000200006f0                . = (. + _Min_Heap_Size)
 *fill*         0x00000000200004f0      0x200 
                0x0000000020000af0                . = (. + _Min_Stack_Size)
 *fill*         0x00000000200006f0      0x400 
                0x0000000020000af0                . = ALIGN (0x8)

/DISCARD/
 libc.a(*)
 libm.a(*)
 libgcc.a(*)

.ARM.attributes
                0x0000000000000000       0x30
 *(.ARM.attributes)
 .ARM.attributes
                0x0000000000000000       0x22 c:/st/stm32cubeide_1.2.0/stm32cubeide/plugins/com.st.stm32cube.ide.mcu.externaltools.gnu-tools-for-stm32.7-2018-q2-update.win32_1.0.0.201904181610/tools/bin/../lib/gcc/arm-none-eabi/7.3.1/thumb/v7e-m/fpv4-sp/hard/crti.o
 .ARM.attributes
                0x0000000000000022       0x34 c:/st/stm32cubeide_1.2.0/stm32cubeide/plugins/com.st.stm32cube.ide.mcu.externaltools.gnu-tools-for-stm32.7-2018-q2-update.win32_1.0.0.201904181610/tools/bin/../lib/gcc/arm-none-eabi/7.3.1/thumb/v7e-m/fpv4-sp/hard/crtbegin.o
 .ARM.attributes
                0x0000000000000056       0x39 Core/Src/common.o
 .ARM.attributes
                0x000000000000008f       0x39 Core/Src/flash_if.o
 .ARM.attributes
                0x00000000000000c8       0x39 Core/Src/main.o
 .ARM.attributes
                0x0000000000000101       0x39 Core/Src/menu.o
 .ARM.attributes
                0x000000000000013a       0x39 Core/Src/stm32f4xx_hal_msp.o
 .ARM.attributes
                0x0000000000000173       0x39 Core/Src/stm32f4xx_it.o
 .ARM.attributes
                0x00000000000001ac       0x39 Core/Src/system_stm32f4xx.o
 .ARM.attributes
                0x00000000000001e5       0x39 Core/Src/ymodem.o
 .ARM.attributes
                0x000000000000021e       0x21 Core/Startup/startup_stm32f407vgtx.o
 .ARM.attributes
                0x000000000000023f       0x39 Drivers/STM32F4xx_HAL_Driver/Src/stm32f4xx_hal.o
 .ARM.attributes
                0x0000000000000278       0x39 Drivers/STM32F4xx_HAL_Driver/Src/stm32f4xx_hal_cortex.o
 .ARM.attributes
                0x00000000000002b1       0x39 Drivers/STM32F4xx_HAL_Driver/Src/stm32f4xx_hal_dma.o
 .ARM.attributes
                0x00000000000002ea       0x39 Drivers/STM32F4xx_HAL_Driver/Src/stm32f4xx_hal_flash.o
 .ARM.attributes
                0x0000000000000323       0x39 Drivers/STM32F4xx_HAL_Driver/Src/stm32f4xx_hal_flash_ex.o
 .ARM.attributes
                0x000000000000035c       0x39 Drivers/STM32F4xx_HAL_Driver/Src/stm32f4xx_hal_gpio.o
 .ARM.attributes
                0x0000000000000395       0x39 Drivers/STM32F4xx_HAL_Driver/Src/stm32f4xx_hal_rcc.o
 .ARM.attributes
                0x00000000000003ce       0x39 Drivers/STM32F4xx_HAL_Driver/Src/stm32f4xx_hal_uart.o
 .ARM.attributes
                0x0000000000000407       0x34 c:/st/stm32cubeide_1.2.0/stm32cubeide/plugins/com.st.stm32cube.ide.mcu.externaltools.gnu-tools-for-stm32.7-2018-q2-update.win32_1.0.0.201904181610/tools/bin/../lib/gcc/arm-none-eabi/7.3.1/../../../../arm-none-eabi/lib/thumb/v7e-m/fpv4-sp/hard\libc_nano.a(lib_a-init.o)
 .ARM.attributes
                0x000000000000043b       0x34 c:/st/stm32cubeide_1.2.0/stm32cubeide/plugins/com.st.stm32cube.ide.mcu.externaltools.gnu-tools-for-stm32.7-2018-q2-update.win32_1.0.0.201904181610/tools/bin/../lib/gcc/arm-none-eabi/7.3.1/../../../../arm-none-eabi/lib/thumb/v7e-m/fpv4-sp/hard\libc_nano.a(lib_a-memset.o)
 .ARM.attributes
                0x000000000000046f       0x22 c:/st/stm32cubeide_1.2.0/stm32cubeide/plugins/com.st.stm32cube.ide.mcu.externaltools.gnu-tools-for-stm32.7-2018-q2-update.win32_1.0.0.201904181610/tools/bin/../lib/gcc/arm-none-eabi/7.3.1/thumb/v7e-m/fpv4-sp/hard\libgcc.a(_aeabi_uldivmod.o)
 .ARM.attributes
                0x0000000000000491       0x34 c:/st/stm32cubeide_1.2.0/stm32cubeide/plugins/com.st.stm32cube.ide.mcu.externaltools.gnu-tools-for-stm32.7-2018-q2-update.win32_1.0.0.201904181610/tools/bin/../lib/gcc/arm-none-eabi/7.3.1/thumb/v7e-m/fpv4-sp/hard\libgcc.a(_udivmoddi4.o)
 .ARM.attributes
                0x00000000000004c5       0x22 c:/st/stm32cubeide_1.2.0/stm32cubeide/plugins/com.st.stm32cube.ide.mcu.externaltools.gnu-tools-for-stm32.7-2018-q2-update.win32_1.0.0.201904181610/tools/bin/../lib/gcc/arm-none-eabi/7.3.1/thumb/v7e-m/fpv4-sp/hard\libgcc.a(_dvmd_tls.o)
 .ARM.attributes
                0x00000000000004e7       0x22 c:/st/stm32cubeide_1.2.0/stm32cubeide/plugins/com.st.stm32cube.ide.mcu.externaltools.gnu-tools-for-stm32.7-2018-q2-update.win32_1.0.0.201904181610/tools/bin/../lib/gcc/arm-none-eabi/7.3.1/thumb/v7e-m/fpv4-sp/hard/crtn.o
OUTPUT(IAP_interupt.elf elf32-littlearm)

.debug_info     0x0000000000000000     0x9dba
 .debug_info    0x0000000000000000      0x72e Core/Src/common.o
 .debug_info    0x000000000000072e      0x4b2 Core/Src/flash_if.o
 .debug_info    0x0000000000000be0      0xbec Core/Src/main.o
 .debug_info    0x00000000000017cc      0xa3c Core/Src/menu.o
 .debug_info    0x0000000000002208      0xb65 Core/Src/stm32f4xx_hal_msp.o
 .debug_info    0x0000000000002d6d      0x685 Core/Src/stm32f4xx_it.o
 .debug_info    0x00000000000033f2      0x554 Core/Src/system_stm32f4xx.o
 .debug_info    0x0000000000003946     0x1335 Core/Src/ymodem.o
 .debug_info    0x0000000000004c7b       0x22 Core/Startup/startup_stm32f407vgtx.o
 .debug_info    0x0000000000004c9d      0x945 Drivers/STM32F4xx_HAL_Driver/Src/stm32f4xx_hal.o
 .debug_info    0x00000000000055e2      0xe28 Drivers/STM32F4xx_HAL_Driver/Src/stm32f4xx_hal_cortex.o
 .debug_info    0x000000000000640a      0x968 Drivers/STM32F4xx_HAL_Driver/Src/stm32f4xx_hal_dma.o
 .debug_info    0x0000000000006d72      0x622 Drivers/STM32F4xx_HAL_Driver/Src/stm32f4xx_hal_flash.o
 .debug_info    0x0000000000007394      0x721 Drivers/STM32F4xx_HAL_Driver/Src/stm32f4xx_hal_flash_ex.o
 .debug_info    0x0000000000007ab5      0x7b5 Drivers/STM32F4xx_HAL_Driver/Src/stm32f4xx_hal_gpio.o
 .debug_info    0x000000000000826a      0x904 Drivers/STM32F4xx_HAL_Driver/Src/stm32f4xx_hal_rcc.o
 .debug_info    0x0000000000008b6e     0x124c Drivers/STM32F4xx_HAL_Driver/Src/stm32f4xx_hal_uart.o

.debug_abbrev   0x0000000000000000     0x1f93
 .debug_abbrev  0x0000000000000000      0x1b0 Core/Src/common.o
 .debug_abbrev  0x00000000000001b0      0x16e Core/Src/flash_if.o
 .debug_abbrev  0x000000000000031e      0x222 Core/Src/main.o
 .debug_abbrev  0x0000000000000540      0x1fc Core/Src/menu.o
 .debug_abbrev  0x000000000000073c      0x195 Core/Src/stm32f4xx_hal_msp.o
 .debug_abbrev  0x00000000000008d1      0x149 Core/Src/stm32f4xx_it.o
 .debug_abbrev  0x0000000000000a1a      0x12b Core/Src/system_stm32f4xx.o
 .debug_abbrev  0x0000000000000b45      0x29a Core/Src/ymodem.o
 .debug_abbrev  0x0000000000000ddf       0x12 Core/Startup/startup_stm32f407vgtx.o
 .debug_abbrev  0x0000000000000df1      0x1c7 Drivers/STM32F4xx_HAL_Driver/Src/stm32f4xx_hal.o
 .debug_abbrev  0x0000000000000fb8      0x2fa Drivers/STM32F4xx_HAL_Driver/Src/stm32f4xx_hal_cortex.o
 .debug_abbrev  0x00000000000012b2      0x229 Drivers/STM32F4xx_HAL_Driver/Src/stm32f4xx_hal_dma.o
 .debug_abbrev  0x00000000000014db      0x248 Drivers/STM32F4xx_HAL_Driver/Src/stm32f4xx_hal_flash.o
 .debug_abbrev  0x0000000000001723      0x220 Drivers/STM32F4xx_HAL_Driver/Src/stm32f4xx_hal_flash_ex.o
 .debug_abbrev  0x0000000000001943      0x1c9 Drivers/STM32F4xx_HAL_Driver/Src/stm32f4xx_hal_gpio.o
 .debug_abbrev  0x0000000000001b0c      0x245 Drivers/STM32F4xx_HAL_Driver/Src/stm32f4xx_hal_rcc.o
 .debug_abbrev  0x0000000000001d51      0x242 Drivers/STM32F4xx_HAL_Driver/Src/stm32f4xx_hal_uart.o

.debug_aranges  0x0000000000000000      0x8c0
 .debug_aranges
                0x0000000000000000       0x38 Core/Src/common.o
 .debug_aranges
                0x0000000000000038       0x48 Core/Src/flash_if.o
 .debug_aranges
                0x0000000000000080       0x48 Core/Src/main.o
 .debug_aranges
                0x00000000000000c8       0x38 Core/Src/menu.o
 .debug_aranges
                0x0000000000000100       0x30 Core/Src/stm32f4xx_hal_msp.o
 .debug_aranges
                0x0000000000000130       0x68 Core/Src/stm32f4xx_it.o
 .debug_aranges
                0x0000000000000198       0x28 Core/Src/system_stm32f4xx.o
 .debug_aranges
                0x00000000000001c0       0x58 Core/Src/ymodem.o
 .debug_aranges
                0x0000000000000218       0x28 Core/Startup/startup_stm32f407vgtx.o
 .debug_aranges
                0x0000000000000240       0xf0 Drivers/STM32F4xx_HAL_Driver/Src/stm32f4xx_hal.o
 .debug_aranges
                0x0000000000000330      0x118 Drivers/STM32F4xx_HAL_Driver/Src/stm32f4xx_hal_cortex.o
 .debug_aranges
                0x0000000000000448       0x90 Drivers/STM32F4xx_HAL_Driver/Src/stm32f4xx_hal_dma.o
 .debug_aranges
                0x00000000000004d8       0xa0 Drivers/STM32F4xx_HAL_Driver/Src/stm32f4xx_hal_flash.o
 .debug_aranges
                0x0000000000000578       0x98 Drivers/STM32F4xx_HAL_Driver/Src/stm32f4xx_hal_flash_ex.o
 .debug_aranges
                0x0000000000000610       0x58 Drivers/STM32F4xx_HAL_Driver/Src/stm32f4xx_hal_gpio.o
 .debug_aranges
                0x0000000000000668       0x88 Drivers/STM32F4xx_HAL_Driver/Src/stm32f4xx_hal_rcc.o
 .debug_aranges
                0x00000000000006f0      0x1d0 Drivers/STM32F4xx_HAL_Driver/Src/stm32f4xx_hal_uart.o

.debug_ranges   0x0000000000000000      0x7b8
 .debug_ranges  0x0000000000000000       0x28 Core/Src/common.o
 .debug_ranges  0x0000000000000028       0x38 Core/Src/flash_if.o
 .debug_ranges  0x0000000000000060       0x38 Core/Src/main.o
 .debug_ranges  0x0000000000000098       0x28 Core/Src/menu.o
 .debug_ranges  0x00000000000000c0       0x20 Core/Src/stm32f4xx_hal_msp.o
 .debug_ranges  0x00000000000000e0       0x58 Core/Src/stm32f4xx_it.o
 .debug_ranges  0x0000000000000138       0x18 Core/Src/system_stm32f4xx.o
 .debug_ranges  0x0000000000000150       0x48 Core/Src/ymodem.o
 .debug_ranges  0x0000000000000198       0x20 Core/Startup/startup_stm32f407vgtx.o
 .debug_ranges  0x00000000000001b8       0xe0 Drivers/STM32F4xx_HAL_Driver/Src/stm32f4xx_hal.o
 .debug_ranges  0x0000000000000298      0x108 Drivers/STM32F4xx_HAL_Driver/Src/stm32f4xx_hal_cortex.o
 .debug_ranges  0x00000000000003a0       0x80 Drivers/STM32F4xx_HAL_Driver/Src/stm32f4xx_hal_dma.o
 .debug_ranges  0x0000000000000420       0x90 Drivers/STM32F4xx_HAL_Driver/Src/stm32f4xx_hal_flash.o
 .debug_ranges  0x00000000000004b0       0x88 Drivers/STM32F4xx_HAL_Driver/Src/stm32f4xx_hal_flash_ex.o
 .debug_ranges  0x0000000000000538       0x48 Drivers/STM32F4xx_HAL_Driver/Src/stm32f4xx_hal_gpio.o
 .debug_ranges  0x0000000000000580       0x78 Drivers/STM32F4xx_HAL_Driver/Src/stm32f4xx_hal_rcc.o
 .debug_ranges  0x00000000000005f8      0x1c0 Drivers/STM32F4xx_HAL_Driver/Src/stm32f4xx_hal_uart.o

.debug_macro    0x0000000000000000    0x20302
 .debug_macro   0x0000000000000000      0x1d9 Core/Src/common.o
 .debug_macro   0x00000000000001d9      0xa5a Core/Src/common.o
 .debug_macro   0x0000000000000c33       0x32 Core/Src/common.o
 .debug_macro   0x0000000000000c65       0x2f Core/Src/common.o
 .debug_macro   0x0000000000000c94       0x22 Core/Src/common.o
 .debug_macro   0x0000000000000cb6       0x8e Core/Src/common.o
 .debug_macro   0x0000000000000d44       0x51 Core/Src/common.o
 .debug_macro   0x0000000000000d95       0xef Core/Src/common.o
 .debug_macro   0x0000000000000e84       0x6a Core/Src/common.o
 .debug_macro   0x0000000000000eee      0x1df Core/Src/common.o
 .debug_macro   0x00000000000010cd       0x1c Core/Src/common.o
 .debug_macro   0x00000000000010e9       0x22 Core/Src/common.o
 .debug_macro   0x000000000000110b       0xdf Core/Src/common.o
 .debug_macro   0x00000000000011ea     0x102d Core/Src/common.o
 .debug_macro   0x0000000000002217      0x11f Core/Src/common.o
 .debug_macro   0x0000000000002336    0x15e3c Core/Src/common.o
 .debug_macro   0x0000000000018172       0x43 Core/Src/common.o
 .debug_macro   0x00000000000181b5      0x184 Core/Src/common.o
 .debug_macro   0x0000000000018339     0x3652 Core/Src/common.o
 .debug_macro   0x000000000001b98b      0x174 Core/Src/common.o
 .debug_macro   0x000000000001baff       0x5a Core/Src/common.o
 .debug_macro   0x000000000001bb59      0x96b Core/Src/common.o
 .debug_macro   0x000000000001c4c4      0x9fe Core/Src/common.o
 .debug_macro   0x000000000001cec2      0x174 Core/Src/common.o
 .debug_macro   0x000000000001d036      0x117 Core/Src/common.o
 .debug_macro   0x000000000001d14d      0x13e Core/Src/common.o
 .debug_macro   0x000000000001d28b       0x27 Core/Src/common.o
 .debug_macro   0x000000000001d2b2      0x287 Core/Src/common.o
 .debug_macro   0x000000000001d539       0x5f Core/Src/common.o
 .debug_macro   0x000000000001d598      0x236 Core/Src/common.o
 .debug_macro   0x000000000001d7ce      0x12c Core/Src/common.o
 .debug_macro   0x000000000001d8fa      0x21e Core/Src/common.o
 .debug_macro   0x000000000001db18       0x2e Core/Src/common.o
 .debug_macro   0x000000000001db46      0x11a Core/Src/common.o
 .debug_macro   0x000000000001dc60       0x7e Core/Src/common.o
 .debug_macro   0x000000000001dcde       0x89 Core/Src/common.o
 .debug_macro   0x000000000001dd67      0x287 Core/Src/common.o
 .debug_macro   0x000000000001dfee      0x12d Core/Src/common.o
 .debug_macro   0x000000000001e11b       0x40 Core/Src/common.o
 .debug_macro   0x000000000001e15b      0x1c9 Core/Src/flash_if.o
 .debug_macro   0x000000000001e324       0x64 Core/Src/flash_if.o
 .debug_macro   0x000000000001e388      0x1e6 Core/Src/main.o
 .debug_macro   0x000000000001e56e       0x6a Core/Src/main.o
 .debug_macro   0x000000000001e5d8       0x9a Core/Src/main.o
 .debug_macro   0x000000000001e672      0x201 Core/Src/menu.o
 .debug_macro   0x000000000001e873       0x46 Core/Src/menu.o
 .debug_macro   0x000000000001e8b9      0x1c4 Core/Src/stm32f4xx_hal_msp.o
 .debug_macro   0x000000000001ea7d      0x1ce Core/Src/stm32f4xx_it.o
 .debug_macro   0x000000000001ec4b      0x1c0 Core/Src/system_stm32f4xx.o
 .debug_macro   0x000000000001ee0b      0x2ba Core/Src/ymodem.o
 .debug_macro   0x000000000001f0c5       0x46 Core/Src/ymodem.o
 .debug_macro   0x000000000001f10b      0x32a Core/Src/ymodem.o
 .debug_macro   0x000000000001f435       0x10 Core/Src/ymodem.o
 .debug_macro   0x000000000001f445       0x20 Core/Src/ymodem.o
 .debug_macro   0x000000000001f465      0x21a Drivers/STM32F4xx_HAL_Driver/Src/stm32f4xx_hal.o
 .debug_macro   0x000000000001f67f      0x1ba Drivers/STM32F4xx_HAL_Driver/Src/stm32f4xx_hal_cortex.o
 .debug_macro   0x000000000001f839      0x1c0 Drivers/STM32F4xx_HAL_Driver/Src/stm32f4xx_hal_dma.o
 .debug_macro   0x000000000001f9f9      0x1c0 Drivers/STM32F4xx_HAL_Driver/Src/stm32f4xx_hal_flash.o
 .debug_macro   0x000000000001fbb9      0x1c0 Drivers/STM32F4xx_HAL_Driver/Src/stm32f4xx_hal_flash_ex.o
 .debug_macro   0x000000000001fd79      0x1f0 Drivers/STM32F4xx_HAL_Driver/Src/stm32f4xx_hal_gpio.o
 .debug_macro   0x000000000001ff69      0x1de Drivers/STM32F4xx_HAL_Driver/Src/stm32f4xx_hal_rcc.o
 .debug_macro   0x0000000000020147      0x1bb Drivers/STM32F4xx_HAL_Driver/Src/stm32f4xx_hal_uart.o

.debug_line     0x0000000000000000     0x8b02
 .debug_line    0x0000000000000000      0x78c Core/Src/common.o
 .debug_line    0x000000000000078c      0x789 Core/Src/flash_if.o
 .debug_line    0x0000000000000f15      0x748 Core/Src/main.o
 .debug_line    0x000000000000165d      0x77d Core/Src/menu.o
 .debug_line    0x0000000000001dda      0x6c2 Core/Src/stm32f4xx_hal_msp.o
 .debug_line    0x000000000000249c      0x746 Core/Src/stm32f4xx_it.o
 .debug_line    0x0000000000002be2      0x6ab Core/Src/system_stm32f4xx.o
 .debug_line    0x000000000000328d      0xa58 Core/Src/ymodem.o
 .debug_line    0x0000000000003ce5       0x86 Core/Startup/startup_stm32f407vgtx.o
 .debug_line    0x0000000000003d6b      0x895 Drivers/STM32F4xx_HAL_Driver/Src/stm32f4xx_hal.o
 .debug_line    0x0000000000004600      0x9b9 Drivers/STM32F4xx_HAL_Driver/Src/stm32f4xx_hal_cortex.o
 .debug_line    0x0000000000004fb9      0x963 Drivers/STM32F4xx_HAL_Driver/Src/stm32f4xx_hal_dma.o
 .debug_line    0x000000000000591c      0x87b Drivers/STM32F4xx_HAL_Driver/Src/stm32f4xx_hal_flash.o
 .debug_line    0x0000000000006197      0x867 Drivers/STM32F4xx_HAL_Driver/Src/stm32f4xx_hal_flash_ex.o
 .debug_line    0x00000000000069fe      0x874 Drivers/STM32F4xx_HAL_Driver/Src/stm32f4xx_hal_gpio.o
 .debug_line    0x0000000000007272      0x8ed Drivers/STM32F4xx_HAL_Driver/Src/stm32f4xx_hal_rcc.o
 .debug_line    0x0000000000007b5f      0xfa3 Drivers/STM32F4xx_HAL_Driver/Src/stm32f4xx_hal_uart.o

.debug_str      0x0000000000000000    0xc1a8f
 .debug_str     0x0000000000000000    0xbbbda Core/Src/common.o
                                      0xbbecd (size before relaxing)
 .debug_str     0x00000000000bbbda      0x626 Core/Src/flash_if.o
                                      0xbbeb0 (size before relaxing)
 .debug_str     0x00000000000bc200      0x645 Core/Src/main.o
                                      0xbc654 (size before relaxing)
 .debug_str     0x00000000000bc845      0x58d Core/Src/menu.o
                                      0xbcb3e (size before relaxing)
 .debug_str     0x00000000000bcdd2       0x50 Core/Src/stm32f4xx_hal_msp.o
                                      0xbc2db (size before relaxing)
 .debug_str     0x00000000000bce22       0xbd Core/Src/stm32f4xx_it.o
                                      0xbbd02 (size before relaxing)
 .debug_str     0x00000000000bcedf       0xc4 Core/Src/system_stm32f4xx.o
                                      0xbb9d2 (size before relaxing)
 .debug_str     0x00000000000bcfa3     0x30fc Core/Src/ymodem.o
                                      0xbf6cc (size before relaxing)
 .debug_str     0x00000000000c009f       0x36 Core/Startup/startup_stm32f407vgtx.o
                                         0x74 (size before relaxing)
 .debug_str     0x00000000000c00d5      0x558 Drivers/STM32F4xx_HAL_Driver/Src/stm32f4xx_hal.o
                                      0xbc49f (size before relaxing)
 .debug_str     0x00000000000c062d      0x399 Drivers/STM32F4xx_HAL_Driver/Src/stm32f4xx_hal_cortex.o
                                      0xbc28e (size before relaxing)
 .debug_str     0x00000000000c09c6      0x30f Drivers/STM32F4xx_HAL_Driver/Src/stm32f4xx_hal_dma.o
                                      0xbbde7 (size before relaxing)
 .debug_str     0x00000000000c0cd5      0x2a9 Drivers/STM32F4xx_HAL_Driver/Src/stm32f4xx_hal_flash.o
                                      0xbbba8 (size before relaxing)
 .debug_str     0x00000000000c0f7e      0x1ad Drivers/STM32F4xx_HAL_Driver/Src/stm32f4xx_hal_flash_ex.o
                                      0xbbc0e (size before relaxing)
 .debug_str     0x00000000000c112b      0x20c Drivers/STM32F4xx_HAL_Driver/Src/stm32f4xx_hal_gpio.o
                                      0xbbc11 (size before relaxing)
 .debug_str     0x00000000000c1337      0x24e Drivers/STM32F4xx_HAL_Driver/Src/stm32f4xx_hal_rcc.o
                                      0xbbdbf (size before relaxing)
 .debug_str     0x00000000000c1585      0x50a Drivers/STM32F4xx_HAL_Driver/Src/stm32f4xx_hal_uart.o
                                      0xbc21e (size before relaxing)

.comment        0x0000000000000000       0x7b
 .comment       0x0000000000000000       0x7b Core/Src/common.o
                                         0x7c (size before relaxing)
 .comment       0x000000000000007b       0x7c Core/Src/flash_if.o
 .comment       0x000000000000007b       0x7c Core/Src/main.o
 .comment       0x000000000000007b       0x7c Core/Src/menu.o
 .comment       0x000000000000007b       0x7c Core/Src/stm32f4xx_hal_msp.o
 .comment       0x000000000000007b       0x7c Core/Src/stm32f4xx_it.o
 .comment       0x000000000000007b       0x7c Core/Src/system_stm32f4xx.o
 .comment       0x000000000000007b       0x7c Core/Src/ymodem.o
 .comment       0x000000000000007b       0x7c Drivers/STM32F4xx_HAL_Driver/Src/stm32f4xx_hal.o
 .comment       0x000000000000007b       0x7c Drivers/STM32F4xx_HAL_Driver/Src/stm32f4xx_hal_cortex.o
 .comment       0x000000000000007b       0x7c Drivers/STM32F4xx_HAL_Driver/Src/stm32f4xx_hal_dma.o
 .comment       0x000000000000007b       0x7c Drivers/STM32F4xx_HAL_Driver/Src/stm32f4xx_hal_flash.o
 .comment       0x000000000000007b       0x7c Drivers/STM32F4xx_HAL_Driver/Src/stm32f4xx_hal_flash_ex.o
 .comment       0x000000000000007b       0x7c Drivers/STM32F4xx_HAL_Driver/Src/stm32f4xx_hal_gpio.o
 .comment       0x000000000000007b       0x7c Drivers/STM32F4xx_HAL_Driver/Src/stm32f4xx_hal_rcc.o
 .comment       0x000000000000007b       0x7c Drivers/STM32F4xx_HAL_Driver/Src/stm32f4xx_hal_uart.o

.debug_frame    0x0000000000000000     0x2198
 .debug_frame   0x0000000000000000       0xa8 Core/Src/common.o
 .debug_frame   0x00000000000000a8       0xe8 Core/Src/flash_if.o
 .debug_frame   0x0000000000000190       0xd8 Core/Src/main.o
 .debug_frame   0x0000000000000268       0xa0 Core/Src/menu.o
 .debug_frame   0x0000000000000308       0x80 Core/Src/stm32f4xx_hal_msp.o
 .debug_frame   0x0000000000000388      0x128 Core/Src/stm32f4xx_it.o
 .debug_frame   0x00000000000004b0       0x58 Core/Src/system_stm32f4xx.o
 .debug_frame   0x0000000000000508      0x144 Core/Src/ymodem.o
 .debug_frame   0x000000000000064c      0x374 Drivers/STM32F4xx_HAL_Driver/Src/stm32f4xx_hal.o
 .debug_frame   0x00000000000009c0      0x498 Drivers/STM32F4xx_HAL_Driver/Src/stm32f4xx_hal_cortex.o
 .debug_frame   0x0000000000000e58      0x250 Drivers/STM32F4xx_HAL_Driver/Src/stm32f4xx_hal_dma.o
 .debug_frame   0x00000000000010a8      0x274 Drivers/STM32F4xx_HAL_Driver/Src/stm32f4xx_hal_flash.o
 .debug_frame   0x000000000000131c      0x250 Drivers/STM32F4xx_HAL_Driver/Src/stm32f4xx_hal_flash_ex.o
 .debug_frame   0x000000000000156c      0x14c Drivers/STM32F4xx_HAL_Driver/Src/stm32f4xx_hal_gpio.o
 .debug_frame   0x00000000000016b8      0x1f0 Drivers/STM32F4xx_HAL_Driver/Src/stm32f4xx_hal_rcc.o
 .debug_frame   0x00000000000018a8      0x844 Drivers/STM32F4xx_HAL_Driver/Src/stm32f4xx_hal_uart.o
 .debug_frame   0x00000000000020ec       0x2c c:/st/stm32cubeide_1.2.0/stm32cubeide/plugins/com.st.stm32cube.ide.mcu.externaltools.gnu-tools-for-stm32.7-2018-q2-update.win32_1.0.0.201904181610/tools/bin/../lib/gcc/arm-none-eabi/7.3.1/../../../../arm-none-eabi/lib/thumb/v7e-m/fpv4-sp/hard\libc_nano.a(lib_a-init.o)
 .debug_frame   0x0000000000002118       0x20 c:/st/stm32cubeide_1.2.0/stm32cubeide/plugins/com.st.stm32cube.ide.mcu.externaltools.gnu-tools-for-stm32.7-2018-q2-update.win32_1.0.0.201904181610/tools/bin/../lib/gcc/arm-none-eabi/7.3.1/../../../../arm-none-eabi/lib/thumb/v7e-m/fpv4-sp/hard\libc_nano.a(lib_a-memset.o)
 .debug_frame   0x0000000000002138       0x2c c:/st/stm32cubeide_1.2.0/stm32cubeide/plugins/com.st.stm32cube.ide.mcu.externaltools.gnu-tools-for-stm32.7-2018-q2-update.win32_1.0.0.201904181610/tools/bin/../lib/gcc/arm-none-eabi/7.3.1/thumb/v7e-m/fpv4-sp/hard\libgcc.a(_aeabi_uldivmod.o)
 .debug_frame   0x0000000000002164       0x34 c:/st/stm32cubeide_1.2.0/stm32cubeide/plugins/com.st.stm32cube.ide.mcu.externaltools.gnu-tools-for-stm32.7-2018-q2-update.win32_1.0.0.201904181610/tools/bin/../lib/gcc/arm-none-eabi/7.3.1/thumb/v7e-m/fpv4-sp/hard\libgcc.a(_udivmoddi4.o)
